// Jest Snapshot v1, https://goo.gl/fbAQLP

exports[`Forecast Summaries renders the correct amount of ForecastSummary components 1`] = `
<DocumentFragment>
  <div
    class="forecast-summaries"
  >
    <div
      class="forecast-summary"
    >
      <span
        class="date"
        data-testid="date-id"
      >
        Monday Apr 30th
      </span>
      <i
        class="wi wi-day-sunny"
        data-testid="icon-image-id"
        name="owm"
      />
      <span
        class="max-temperature"
        data-testid="temperature-id"
      >
        11℃
      </span>
      <span
        class="description"
        data-testid="description-id"
      >
        Clear
      </span>
      <button>
        More Details
      </button>
    </div>
    <div
      class="forecast-summary"
    >
      <span
        class="date"
        data-testid="date-id"
      >
        Monday Apr 30th
      </span>
      <i
        class="wi wi-tornado"
        data-testid="icon-image-id"
        name="owm"
      />
      <span
        class="max-temperature"
        data-testid="temperature-id"
      >
        25℃
      </span>
      <span
        class="description"
        data-testid="description-id"
      >
        Foggy
      </span>
      <button>
        More Details
      </button>
    </div>
  </div>
</DocumentFragment>
`;
